Initialized native services in: C:\Users\Gilmar\.gradle\native
Initialized jansi services in: C:\Users\Gilmar\.gradle\native
The client will now receive all logging from the daemon (pid: 23532). The daemon log file: C:\Users\Gilmar\.gradle\daemon\8.14.4\daemon-23532.out.log
Starting 10th build in daemon [uptime: 20 mins 43.512 secs, performance: 100%, GC rate: 0.00/s, heap usage: 0% of 512 MiB, non-heap usage: 25% of 384 MiB]
Using 12 worker leases.
Now considering [D:\workspace\udemy\hexagonal\hexagonal] as hierarchies to watch
Watching the file system is configured to be enabled if available
File system watching is active
Starting Build
Settings evaluated using settings file 'D:\workspace\udemy\hexagonal\hexagonal\settings.gradle'.
Projects loaded. Root project using build file 'D:\workspace\udemy\hexagonal\hexagonal\build.gradle'.
Included projects: [root project 'hexagonal']

> Configure project :
Evaluating root project 'hexagonal' using build file 'D:\workspace\udemy\hexagonal\hexagonal\build.gradle'.
Resolved plugin [id: 'java']
Resolved plugin [id: 'org.springframework.boot', version: '3.2.0']
Resolved plugin [id: 'io.spring.dependency-management', version: '1.1.7']
Applying dependency management to configuration 'annotationProcessor' in project 'hexagonal'
Applying dependency management to configuration 'apiElements' in project 'hexagonal'
Applying dependency management to configuration 'archives' in project 'hexagonal'
Applying dependency management to configuration 'bootArchives' in project 'hexagonal'
Applying dependency management to configuration 'compileClasspath' in project 'hexagonal'
Applying dependency management to configuration 'compileOnly' in project 'hexagonal'
Applying dependency management to configuration 'default' in project 'hexagonal'
Applying dependency management to configuration 'developmentOnly' in project 'hexagonal'
Applying dependency management to configuration 'implementation' in project 'hexagonal'
Applying dependency management to configuration 'mainSourceElements' in project 'hexagonal'
Applying dependency management to configuration 'productionRuntimeClasspath' in project 'hexagonal'
Applying dependency management to configuration 'runtimeClasspath' in project 'hexagonal'
Applying dependency management to configuration 'runtimeElements' in project 'hexagonal'
Applying dependency management to configuration 'runtimeOnly' in project 'hexagonal'
Applying dependency management to configuration 'testAndDevelopmentOnly' in project 'hexagonal'
Applying dependency management to configuration 'testAnnotationProcessor' in project 'hexagonal'
Applying dependency management to configuration 'testCompileClasspath' in project 'hexagonal'
Applying dependency management to configuration 'testCompileOnly' in project 'hexagonal'
Applying dependency management to configuration 'testImplementation' in project 'hexagonal'
Applying dependency management to configuration 'testResultsElementsForTest' in project 'hexagonal'
Applying dependency management to configuration 'testRuntimeClasspath' in project 'hexagonal'
Applying dependency management to configuration 'testRuntimeOnly' in project 'hexagonal'
All projects evaluated.
Task name matched 'test'
Selected primary task 'test' from project :
Path for java installation 'C:\Program Files\Amazon Corretto\jdk21.0.4_7' (Windows Registry) auto-detected does not contain a java executable
Resolving global dependency management for project 'hexagonal'
Excluding []
Excluding []
Excluding []
Excluding []
Excluding []
Excluding []
Tasks to be executed: [task ':compileJava', task ':processResources', task ':classes', task ':compileTestJava', task ':processTestResources', task ':testClasses', task ':test']
Tasks that were excluded: []
Resolve mutations for :compileJava (Thread[#1747,Execution worker,5,main]) started.
:compileJava (Thread[#1747,Execution worker,5,main]) started.

> Task :compileJava UP-TO-DATE
Custom actions are attached to task ':compileJava'.
Caching disabled for task ':compileJava' because:
  Build cache is disabled
Skipping task ':compileJava' as it is up-to-date.
Resolve mutations for :processResources (Thread[#1747,Execution worker,5,main]) started.
:processResources (Thread[#1747,Execution worker,5,main]) started.

> Task :processResources UP-TO-DATE
Caching disabled for task ':processResources' because:
  Build cache is disabled
  Not worth caching
Skipping task ':processResources' as it is up-to-date.
Resolve mutations for :classes (Thread[#1747,Execution worker,5,main]) started.
:classes (Thread[#1748,Execution worker Thread 2,5,main]) started.

> Task :classes UP-TO-DATE
Skipping task ':classes' as it has no actions.
Resolve mutations for :compileTestJava (Thread[#1748,Execution worker Thread 2,5,main]) started.
:compileTestJava (Thread[#1748,Execution worker Thread 2,5,main]) started.

> Task :compileTestJava FAILED
Custom actions are attached to task ':compileTestJava'.
Caching disabled for task ':compileTestJava' because:
  Build cache is disabled
Task ':compileTestJava' is not up-to-date because:
  Input property 'stableSources' file D:\workspace\udemy\hexagonal\hexagonal\src\test\java\com\udemy\hexagonal\architecture\LayeredArchitectureTest.java has changed.
Compilation mode: default, forking compiler
Created classpath snapshot for incremental compilation in 0.021 secs.
Compiling with toolchain 'C:\Program Files\Amazon Corretto\jdk17.0.12_7'.
Compiling with JDK Java compiler API.
.\gradlew.bat : D:\workspace\udemy\hexagonal\hexagonal\src\test\java\com\udemy\hexagonal\architecture\LayeredArchitectureTest.java:16: error: cannot 
find symbol
No linha:1 caractere:1
+ .\gradlew.bat test --tests com.udemy.hexagonal.architecture.LayeredAr ...
+ ~~~~~~~~~~~~~~~~~~~~~~~~~~~~~~~~~~~~~~~~~~~~~~~~~~~~~~~~~~~~~~~~~~~~~
    + CategoryInfo          : NotSpecified: (D:\workspace\ud...not find symbol:String) [], RemoteException
    + FullyQualifiedErrorId : NativeCommandError
 
            .layer("AdaptersIn").definedBy("..adapters.in..")
            ^
  symbol:   method layer(String)
  location: class DependencySettings
1 error
Incremental compilation of 1 classes completed in 0.545 secs.

[Incubating] Problems report is available at: file:///D:/workspace/udemy/hexagonal/hexagonal/build/reports/problems/problems-report.html

FAILURE: Build failed with an exception.

* What went wrong:
Execution failed for task ':compileTestJava'.
> Compilation failed; see the compiler output below.
  D:\workspace\udemy\hexagonal\hexagonal\src\test\java\com\udemy\hexagonal\architecture\LayeredArchitectureTest.java:16: error: cannot find symbol
              .layer("AdaptersIn").definedBy("..adapters.in..")
              ^
    symbol:   method layer(String)
    location: class DependencySettings
  1 error

* Try:
> Check your code and dependencies to fix the compilation error(s)
> Run with --scan to get full insights.

* Exception is:
org.gradle.api.tasks.TaskExecutionException: Execution failed for task ':compileTestJava'.
	at org.gradle.api.internal.tasks.execution.ExecuteActionsTaskExecuter.lambda$executeIfValid$1(ExecuteActionsTaskExecuter.java:130)
	at org.gradle.internal.Try$Failure.ifSuccessfulOrElse(Try.java:293)
	at org.gradle.api.internal.tasks.execution.ExecuteActionsTaskExecuter.executeIfValid(ExecuteActionsTaskExecuter.java:128)
	at org.gradle.api.internal.tasks.execution.ExecuteActionsTaskExecuter.execute(ExecuteActionsTaskExecuter.java:116)
	at org.gradle.api.internal.tasks.execution.ProblemsTaskPathTrackingTaskExecuter.execute(ProblemsTaskPathTrackingTaskExecuter.java:41)
	at org.gradle.api.internal.tasks.execution.FinalizePropertiesTaskExecuter.execute(FinalizePropertiesTaskExecuter.java:46)
	at org.gradle.api.internal.tasks.execution.ResolveTaskExecutionModeExecuter.execute(ResolveTaskExecutionModeExecuter.java:51)
	at org.gradle.api.internal.tasks.execution.SkipTaskWithNoActionsExecuter.execute(SkipTaskWithNoActionsExecuter.java:57)
	at org.gradle.api.internal.tasks.execution.SkipOnlyIfTaskExecuter.execute(SkipOnlyIfTaskExecuter.java:74)
	at org.gradle.api.internal.tasks.execution.CatchExceptionTaskExecuter.execute(CatchExceptionTaskExecuter.java:36)
	at org.gradle.api.internal.tasks.execution.EventFiringTaskExecuter$1.executeTask(EventFiringTaskExecuter.java:77)
	at org.gradle.api.internal.tasks.execution.EventFiringTaskExecuter$1.call(EventFiringTaskExecuter.java:55)
	at org.gradle.api.internal.tasks.execution.EventFiringTaskExecuter$1.call(EventFiringTaskExecuter.java:52)
	at org.gradle.internal.operations.DefaultBuildOperationRunner$CallableBuildOperationWorker.execute(DefaultBuildOperationRunner.java:210)
	at org.gradle.internal.operations.DefaultBuildOperationRunner$CallableBuildOperationWorker.execute(DefaultBuildOperationRunner.java:205)
	at org.gradle.internal.operations.DefaultBuildOperationRunner$2.execute(DefaultBuildOperationRunner.java:67)
	at org.gradle.internal.operations.DefaultBuildOperationRunner$2.execute(DefaultBuildOperationRunner.java:60)
	at org.gradle.internal.operations.DefaultBuildOperationRunner.execute(DefaultBuildOperationRunner.java:167)
	at org.gradle.internal.operations.DefaultBuildOperationRunner.execute(DefaultBuildOperationRunner.java:60)
	at org.gradle.internal.operations.DefaultBuildOperationRunner.call(DefaultBuildOperationRunner.java:54)
	at org.gradle.api.internal.tasks.execution.EventFiringTaskExecuter.execute(EventFiringTaskExecuter.java:52)
	at org.gradle.execution.plan.LocalTaskNodeExecutor.execute(LocalTaskNodeExecutor.java:42)
	at org.gradle.execution.taskgraph.DefaultTaskExecutionGraph$InvokeNodeExecutorsAction.execute(DefaultTaskExecutionGraph.java:331)
	at org.gradle.execution.taskgraph.DefaultTaskExecutionGraph$InvokeNodeExecutorsAction.execute(DefaultTaskExecutionGraph.java:318)
	at org.gradle.execution.taskgraph.DefaultTaskExecutionGraph$BuildOperationAwareExecutionAction.lambda$execute$0(DefaultTaskExecutionGraph.java:314)
	at org.gradle.internal.operations.CurrentBuildOperationRef.with(CurrentBuildOperationRef.java:85)
	at org.gradle.execution.taskgraph.DefaultTaskExecutionGraph$BuildOperationAwareExecutionAction.execute(DefaultTaskExecutionGraph.java:314)
	at org.gradle.execution.taskgraph.DefaultTaskExecutionGraph$BuildOperationAwareExecutionAction.execute(DefaultTaskExecutionGraph.java:303)
	at org.gradle.execution.plan.DefaultPlanExecutor$ExecutorWorker.execute(DefaultPlanExecutor.java:459)
	at org.gradle.execution.plan.DefaultPlanExecutor$ExecutorWorker.run(DefaultPlanExecutor.java:376)
	at org.gradle.internal.concurrent.ExecutorPolicy$CatchAndRecordFailures.onExecute(ExecutorPolicy.java:64)
	at org.gradle.internal.concurrent.AbstractManagedExecutor$1.run(AbstractManagedExecutor.java:48)
Caused by: org.gradle.api.internal.tasks.compile.CompilationFailedException: Compilation failed; see the compiler output below.
D:\workspace\udemy\hexagonal\hexagonal\src\test\java\com\udemy\hexagonal\architecture\LayeredArchitectureTest.java:16: error: cannot find symbol
            .layer("AdaptersIn").definedBy("..adapters.in..")
            ^
  symbol:   method layer(String)
  location: class DependencySettings
1 error
	at org.gradle.api.internal.tasks.compile.JdkJavaCompiler.execute(JdkJavaCompiler.java:89)
	at org.gradle.api.internal.tasks.compile.JdkJavaCompiler.execute(JdkJavaCompiler.java:50)
	at org.gradle.api.internal.tasks.compile.daemon.AbstractIsolatedCompilerWorkerExecutor$CompilerWorkAction.execute(AbstractIsolatedCompilerWorkerExecut
or.java:78)
	at org.gradle.workers.internal.DefaultWorkerServer.execute(DefaultWorkerServer.java:63)
	at org.gradle.workers.internal.AbstractClassLoaderWorker$1.create(AbstractClassLoaderWorker.java:54)
	at org.gradle.workers.internal.AbstractClassLoaderWorker$1.create(AbstractClassLoaderWorker.java:48)
	at org.gradle.internal.classloader.ClassLoaderUtils.executeInClassloader(ClassLoaderUtils.java:100)
	at org.gradle.workers.internal.AbstractClassLoaderWorker.executeInClassLoader(AbstractClassLoaderWorker.java:48)
	at org.gradle.workers.internal.FlatClassLoaderWorker.run(FlatClassLoaderWorker.java:32)
	at org.gradle.workers.internal.FlatClassLoaderWorker.run(FlatClassLoaderWorker.java:22)
	at org.gradle.workers.internal.WorkerDaemonServer.run(WorkerDaemonServer.java:108)
	at org.gradle.workers.internal.WorkerDaemonServer.run(WorkerDaemonServer.java:77)
	at org.gradle.process.internal.worker.request.WorkerAction.lambda$run$1(WorkerAction.java:150)
	at org.gradle.process.internal.worker.child.WorkerLogEventListener.withWorkerLoggingProtocol(WorkerLogEventListener.java:41)
	at org.gradle.process.internal.worker.request.WorkerAction.lambda$run$2(WorkerAction.java:150)
	at org.gradle.internal.operations.CurrentBuildOperationRef.with(CurrentBuildOperationRef.java:85)
	at org.gradle.process.internal.worker.request.WorkerAction.run(WorkerAction.java:142)
	at java.base/jdk.internal.reflect.NativeMethodAccessorImpl.invoke0(Native Method)
	at java.base/jdk.internal.reflect.NativeMethodAccessorImpl.invoke(NativeMethodAccessorImpl.java:77)
	at java.base/jdk.internal.reflect.DelegatingMethodAccessorImpl.invoke(DelegatingMethodAccessorImpl.java:43)
	at org.gradle.internal.dispatch.ReflectionDispatch.dispatch(ReflectionDispatch.java:36)
	at org.gradle.internal.dispatch.ReflectionDispatch.dispatch(ReflectionDispatch.java:24)
	at org.gradle.internal.remote.internal.hub.MessageHubBackedObjectConnection$DispatchWrapper.dispatch(MessageHubBackedObjectConnection.java:182)
	at org.gradle.internal.remote.internal.hub.MessageHubBackedObjectConnection$DispatchWrapper.dispatch(MessageHubBackedObjectConnection.java:164)
	at org.gradle.internal.remote.internal.hub.MessageHub$Handler.run(MessageHub.java:414)
	at org.gradle.internal.concurrent.ExecutorPolicy$CatchAndRecordFailures.onExecute(ExecutorPolicy.java:64)
	at org.gradle.internal.concurrent.AbstractManagedExecutor$1.run(AbstractManagedExecutor.java:48)


Deprecated Gradle features were used in this build, making it incompatible with Gradle 9.0.

You can use '--warning-mode all' to show the individual deprecation warnings and determine if they come from your own scripts or plugins.

For more on this, please refer to https://docs.gradle.org/8.14.4/userguide/command_line_interface.html#sec:command_line_warnings in the Gradle documentation.

BUILD FAILED in 2s
3 actionable tasks: 1 executed, 2 up-to-date
Watched directory hierarchies: [D:\workspace\udemy\hexagonal\hexagonal]
